Command line invocation:
    /Applications/Xcode_26.3.app/Contents/Developer/usr/bin/xcodebuild archive -project /Users/runner/work/SleepCycle/SleepCycle/SleepCycle/SleepCycle.xcodeproj -scheme SleepCycle -configuration Release -destination generic/platform=iOS -skipMacroValidation -skipPackagePluginValidation -archivePath /Users/runner/work/SleepCycle/SleepCycle/build.xcarchive

2026-09-21 07:03:07.663 xcodebuild[6693:24063] [MT] IDERunDestination: Supported platforms for the buildables in the current scheme is empty.
ComputePackagePrebuildTargetDependencyGraph

Prepare packages

CreateBuildRequest

SendProjectDescription

CreateBuildOperation

ComputeTargetDependencyGraph
note: Building targets in dependency order
note: Target dependency graph (1 target)
    Target 'SleepCycle' in project 'SleepCycle' (no dependencies)

GatherProvisioningInputs

CreateBuildDescription

ExecuteExternalTool /Applications/Xcode_26.3.app/Contents/Developer/Toolchains/XcodeDefault.xctoolchain/usr/bin/clang -v -E -dM -isysroot /Applications/Xcode_26.3.app/Contents/Developer/Platforms/iPhoneOS.platform/Developer/SDKs/iPhoneOS26.2.sdk -x c -c /dev/null

ExecuteExternalTool /Applications/Xcode_26.3.app/Contents/Developer/usr/bin/ibtool --version --output-format xml1

ExecuteExternalTool /Applications/Xcode_26.3.app/Contents/Developer/usr/bin/momc --dry-run --action generate --swift-version 5.0 --sdkroot /Applications/Xcode_26.3.app/Contents/Developer/Platforms/iPhoneOS.platform/Developer/SDKs/iPhoneOS26.2.sdk --iphoneos-deployment-target 15.0 --module SleepCycle /Users/runner/work/SleepCycle/SleepCycle/SleepCycle/SleepCycle/SleepDataModel.xcdatamodeld /Users/runner/Library/Developer/Xcode/DerivedData/SleepCycle-fupygseujuxtlfcrifapjrifsfue/Build/Intermediates.noindex/ArchiveIntermediates/SleepCycle/IntermediateBuildFilesPath/SleepCycle.build/Release-iphoneos/SleepCycle.build/DerivedSources/CoreDataGenerated/SleepDataModel

ExecuteExternalTool /Applications/Xcode_26.3.app/Contents/Developer/usr/bin/actool --print-asset-tag-combinations --output-format xml1 /Users/runner/work/SleepCycle/SleepCycle/SleepCycle/SleepCycle/Assets.xcassets

ExecuteExternalTool /Applications/Xcode_26.3.app/Contents/Developer/usr/bin/actool --version --output-format xml1

ExecuteExternalTool /Applications/Xcode_26.3.app/Contents/Developer/Toolchains/XcodeDefault.xctoolchain/usr/bin/swiftc --version

ExecuteExternalTool /Applications/Xcode_26.3.app/Contents/Developer/Toolchains/XcodeDefault.xctoolchain/usr/bin/ld -version_details

Build description signature: 4d96030b0753ebf0901a2cf7903e6ac6
Build description path: /Users/runner/Library/Developer/Xcode/DerivedData/SleepCycle-fupygseujuxtlfcrifapjrifsfue/Build/Intermediates.noindex/ArchiveIntermediates/SleepCycle/IntermediateBuildFilesPath/XCBuildData/4d96030b0753ebf0901a2cf7903e6ac6.xcbuilddata
/Users/runner/work/SleepCycle/SleepCycle/SleepCycle/SleepCycle.xcodeproj: error: No profile for team 'DZ3J8DQBK2' matching 'sleepStore' found: Xcode couldn't find any provisioning profiles matching 'DZ3J8DQBK2/sleepStore'. Install the profile (by dragging and dropping it onto Xcode's dock item) or select a different one in the Signing & Capabilities tab of the target editor. (in target 'SleepCycle' from project 'SleepCycle')
** ARCHIVE FAILED **


The following build commands failed:
	Archiving project SleepCycle with scheme SleepCycle
(1 failure)
